// Jest Snapshot v1, https://goo.gl/fbAQLP

exports[`Test the Rockets Component rockets section renders 1`] = `
<div>
  <div
    class="my-4 row"
    id="1"
  >
    <div
      class="col-md-3"
    >
      <img
        alt="rocket img"
        class="w-100"
      />
    </div>
    <div
      class="col"
    >
      <p
        class="rocket-name"
      />
      <p
        class="rocket-desc"
      >
        <span
          class=" "
        />
      </p>
      <button
        class="btn btn-primary"
        type="button"
      >
        Reserve Rocket
      </button>
    </div>
  </div>
</div>
`;
